// Jest Snapshot v1, https://goo.gl/fbAQLP

exports[`Card should match snapshot 1`] = `
<div
  class="ant-card ant-card-bordered css-dev-only-do-not-override-nnuwmp"
  style="width: 300px;"
>
  <div
    class="ant-card-head"
  >
    <div
      class="ant-card-head-wrapper"
    >
      <div
        class="ant-card-head-title"
      >
        Card Title
      </div>
      <div
        class="ant-card-extra"
      >
        <a
          href="#"
        >
          More
        </a>
      </div>
    </div>
  </div>
  <div
    class="ant-card-body"
  >
    <p>
      Card content
    </p>
    <p>
      Card content
    </p>
    <p>
      Card content
    </p>
  </div>
</div>
`;
